<?xml version="1.0" encoding="ISO-8859-1" ?>
<link_info>
   <banner>TMS320C2000 Linker PC v22.6.2.LTS</banner>
   <copyright>Copyright (c) 1996-2018 Texas Instruments Incorporated</copyright>
   <link_time>0x69651ad6</link_time>
   <link_errors>0x0</link_errors>
   <output_file>LV400_48V.out</output_file>
   <entry_point>
      <name>code_start</name>
      <address>0x80000</address>
   </entry_point>
   <input_file_list>
      <input_file id="fl-2">
         <path>.\</path>
         <kind>object</kind>
         <file>cllc_main.obj</file>
         <name>cllc_main.obj</name>
      </input_file>
      <input_file id="fl-3">
         <path>.\cllc\</path>
         <kind>object</kind>
         <file>cllc.obj</file>
         <name>cllc.obj</name>
      </input_file>
      <input_file id="fl-4">
         <path>.\cllc\</path>
         <kind>object</kind>
         <file>cllc_clatasks.obj</file>
         <name>cllc_clatasks.obj</name>
      </input_file>
      <input_file id="fl-5">
         <path>.\cllc\</path>
         <kind>object</kind>
         <file>cllc_hal.obj</file>
         <name>cllc_hal.obj</name>
      </input_file>
      <input_file id="fl-6">
         <path>.\device\</path>
         <kind>object</kind>
         <file>device.obj</file>
         <name>device.obj</name>
      </input_file>
      <input_file id="fl-7">
         <path>.\device\</path>
         <kind>object</kind>
         <file>f28003x_codestartbranch.obj</file>
         <name>f28003x_codestartbranch.obj</name>
      </input_file>
      <input_file id="fl-8">
         <path>.\device\driverlib\</path>
         <kind>object</kind>
         <file>adc.obj</file>
         <name>adc.obj</name>
      </input_file>
      <input_file id="fl-9">
         <path>.\device\driverlib\</path>
         <kind>object</kind>
         <file>aes.obj</file>
         <name>aes.obj</name>
      </input_file>
      <input_file id="fl-a">
         <path>.\device\driverlib\</path>
         <kind>object</kind>
         <file>asysctl.obj</file>
         <name>asysctl.obj</name>
      </input_file>
      <input_file id="fl-b">
         <path>.\device\driverlib\</path>
         <kind>object</kind>
         <file>bgcrc.obj</file>
         <name>bgcrc.obj</name>
      </input_file>
      <input_file id="fl-c">
         <path>.\device\driverlib\</path>
         <kind>object</kind>
         <file>can.obj</file>
         <name>can.obj</name>
      </input_file>
      <input_file id="fl-d">
         <path>.\device\driverlib\</path>
         <kind>object</kind>
         <file>cla.obj</file>
         <name>cla.obj</name>
      </input_file>
      <input_file id="fl-e">
         <path>.\device\driverlib\</path>
         <kind>object</kind>
         <file>clb.obj</file>
         <name>clb.obj</name>
      </input_file>
      <input_file id="fl-f">
         <path>.\device\driverlib\</path>
         <kind>object</kind>
         <file>cmpss.obj</file>
         <name>cmpss.obj</name>
      </input_file>
      <input_file id="fl-10">
         <path>.\device\driverlib\</path>
         <kind>object</kind>
         <file>cputimer.obj</file>
         <name>cputimer.obj</name>
      </input_file>
      <input_file id="fl-11">
         <path>.\device\driverlib\</path>
         <kind>object</kind>
         <file>dac.obj</file>
         <name>dac.obj</name>
      </input_file>
      <input_file id="fl-12">
         <path>.\device\driverlib\</path>
         <kind>object</kind>
         <file>dcc.obj</file>
         <name>dcc.obj</name>
      </input_file>
      <input_file id="fl-13">
         <path>.\device\driverlib\</path>
         <kind>object</kind>
         <file>dcsm.obj</file>
         <name>dcsm.obj</name>
      </input_file>
      <input_file id="fl-14">
         <path>.\device\driverlib\</path>
         <kind>object</kind>
         <file>dma.obj</file>
         <name>dma.obj</name>
      </input_file>
      <input_file id="fl-15">
         <path>.\device\driverlib\</path>
         <kind>object</kind>
         <file>ecap.obj</file>
         <name>ecap.obj</name>
      </input_file>
      <input_file id="fl-16">
         <path>.\device\driverlib\</path>
         <kind>object</kind>
         <file>epg.obj</file>
         <name>epg.obj</name>
      </input_file>
      <input_file id="fl-17">
         <path>.\device\driverlib\</path>
         <kind>object</kind>
         <file>epwm.obj</file>
         <name>epwm.obj</name>
      </input_file>
      <input_file id="fl-18">
         <path>.\device\driverlib\</path>
         <kind>object</kind>
         <file>eqep.obj</file>
         <name>eqep.obj</name>
      </input_file>
      <input_file id="fl-19">
         <path>.\device\driverlib\</path>
         <kind>object</kind>
         <file>erad.obj</file>
         <name>erad.obj</name>
      </input_file>
      <input_file id="fl-1a">
         <path>.\device\driverlib\</path>
         <kind>object</kind>
         <file>flash.obj</file>
         <name>flash.obj</name>
      </input_file>
      <input_file id="fl-1b">
         <path>.\device\driverlib\</path>
         <kind>object</kind>
         <file>fsi.obj</file>
         <name>fsi.obj</name>
      </input_file>
      <input_file id="fl-1c">
         <path>.\device\driverlib\</path>
         <kind>object</kind>
         <file>gpio.obj</file>
         <name>gpio.obj</name>
      </input_file>
      <input_file id="fl-1d">
         <path>.\device\driverlib\</path>
         <kind>object</kind>
         <file>hic.obj</file>
         <name>hic.obj</name>
      </input_file>
      <input_file id="fl-1e">
         <path>.\device\driverlib\</path>
         <kind>object</kind>
         <file>hrcap.obj</file>
         <name>hrcap.obj</name>
      </input_file>
      <input_file id="fl-1f">
         <path>.\device\driverlib\</path>
         <kind>object</kind>
         <file>hrpwm.obj</file>
         <name>hrpwm.obj</name>
      </input_file>
      <input_file id="fl-20">
         <path>.\device\driverlib\</path>
         <kind>object</kind>
         <file>i2c.obj</file>
         <name>i2c.obj</name>
      </input_file>
      <input_file id="fl-21">
         <path>.\device\driverlib\</path>
         <kind>object</kind>
         <file>interrupt.obj</file>
         <name>interrupt.obj</name>
      </input_file>
      <input_file id="fl-22">
         <path>.\device\driverlib\</path>
         <kind>object</kind>
         <file>lin.obj</file>
         <name>lin.obj</name>
      </input_file>
      <input_file id="fl-23">
         <path>.\device\driverlib\</path>
         <kind>object</kind>
         <file>mcan.obj</file>
         <name>mcan.obj</name>
      </input_file>
      <input_file id="fl-24">
         <path>.\device\driverlib\</path>
         <kind>object</kind>
         <file>memcfg.obj</file>
         <name>memcfg.obj</name>
      </input_file>
      <input_file id="fl-25">
         <path>.\device\driverlib\</path>
         <kind>object</kind>
         <file>pmbus.obj</file>
         <name>pmbus.obj</name>
      </input_file>
      <input_file id="fl-26">
         <path>.\device\driverlib\</path>
         <kind>object</kind>
         <file>sci.obj</file>
         <name>sci.obj</name>
      </input_file>
      <input_file id="fl-27">
         <path>.\device\driverlib\</path>
         <kind>object</kind>
         <file>sdfm.obj</file>
         <name>sdfm.obj</name>
      </input_file>
      <input_file id="fl-28">
         <path>.\device\driverlib\</path>
         <kind>object</kind>
         <file>spi.obj</file>
         <name>spi.obj</name>
      </input_file>
      <input_file id="fl-29">
         <path>.\device\driverlib\</path>
         <kind>object</kind>
         <file>sysctl.obj</file>
         <name>sysctl.obj</name>
      </input_file>
      <input_file id="fl-2a">
         <path>.\device\driverlib\</path>
         <kind>object</kind>
         <file>version.obj</file>
         <name>version.obj</name>
      </input_file>
      <input_file id="fl-2b">
         <path>.\device\driverlib\</path>
         <kind>object</kind>
         <file>xbar.obj</file>
         <name>xbar.obj</name>
      </input_file>
      <input_file id="fl-2c">
         <path>.\libraries\DCL\</path>
         <kind>object</kind>
         <file>DCL_DF22_C1.obj</file>
         <name>DCL_DF22_C1.obj</name>
      </input_file>
      <input_file id="fl-2d">
         <path>.\libraries\DCL\</path>
         <kind>object</kind>
         <file>DCL_PI_C1.obj</file>
         <name>DCL_PI_C1.obj</name>
      </input_file>
      <input_file id="fl-2e">
         <path>.\libraries\DCL\</path>
         <kind>object</kind>
         <file>DCL_PI_C4.obj</file>
         <name>DCL_PI_C4.obj</name>
      </input_file>
      <input_file id="fl-2f">
         <path>.\libraries\DCL\</path>
         <kind>object</kind>
         <file>DCL_PI_L1.obj</file>
         <name>DCL_PI_L1.obj</name>
      </input_file>
      <input_file id="fl-30">
         <path>.\libraries\sfra\</path>
         <kind>object</kind>
         <file>sfra_gui_scicomms_driverlib.obj</file>
         <name>sfra_gui_scicomms_driverlib.obj</name>
      </input_file>
      <input_file id="fl-3b">
         <kind>object</kind>
         <file>&lt;internal&gt;</file>
         <name>&lt;internal&gt;</name>
      </input_file>
      <input_file id="fl-47">
         <path>C:\ti\ccs2031\ccs\tools\compiler\ti-cgt-c2000_22.6.2.LTS\lib\</path>
         <kind>archive</kind>
         <file>rts2800_fpu64_eabi.lib</file>
         <name>boot28.asm.obj</name>
      </input_file>
      <input_file id="fl-48">
         <path>C:\ti\ccs2031\ccs\tools\compiler\ti-cgt-c2000_22.6.2.LTS\lib\</path>
         <kind>archive</kind>
         <file>rts2800_fpu64_eabi.lib</file>
         <name>ll_cmp28.asm.obj</name>
      </input_file>
      <input_file id="fl-49">
         <path>C:\ti\ccs2031\ccs\tools\compiler\ti-cgt-c2000_22.6.2.LTS\lib\</path>
         <kind>archive</kind>
         <file>rts2800_fpu64_eabi.lib</file>
         <name>memcpy.c.obj</name>
      </input_file>
      <input_file id="fl-4a">
         <path>C:\ti\ccs2031\ccs\tools\compiler\ti-cgt-c2000_22.6.2.LTS\lib\</path>
         <kind>archive</kind>
         <file>rts2800_fpu64_eabi.lib</file>
         <name>pre_init.c.obj</name>
      </input_file>
      <input_file id="fl-4b">
         <path>C:\ti\ccs2031\ccs\tools\compiler\ti-cgt-c2000_22.6.2.LTS\lib\</path>
         <kind>archive</kind>
         <file>rts2800_fpu64_eabi.lib</file>
         <name>autoinit.c.obj</name>
      </input_file>
      <input_file id="fl-4c">
         <path>C:\ti\ccs2031\ccs\tools\compiler\ti-cgt-c2000_22.6.2.LTS\lib\</path>
         <kind>archive</kind>
         <file>rts2800_fpu64_eabi.lib</file>
         <name>copy_zero_init.c.obj</name>
      </input_file>
      <input_file id="fl-4d">
         <path>C:\ti\ccs2031\ccs\tools\compiler\ti-cgt-c2000_22.6.2.LTS\lib\</path>
         <kind>archive</kind>
         <file>rts2800_fpu64_eabi.lib</file>
         <name>copy_decompress_none.c.obj</name>
      </input_file>
      <input_file id="fl-4e">
         <path>C:\ti\ccs2031\ccs\tools\compiler\ti-cgt-c2000_22.6.2.LTS\lib\</path>
         <kind>archive</kind>
         <file>rts2800_fpu64_eabi.lib</file>
         <name>copy_decompress_lzss.c.obj</name>
      </input_file>
      <input_file id="fl-4f">
         <path>C:\ti\ccs2031\ccs\tools\compiler\ti-cgt-c2000_22.6.2.LTS\lib\</path>
         <kind>archive</kind>
         <file>rts2800_fpu64_eabi.lib</file>
         <name>exit.c.obj</name>
      </input_file>
      <input_file id="fl-50">
         <path>C:\ti\ccs2031\ccs\tools\compiler\ti-cgt-c2000_22.6.2.LTS\lib\</path>
         <kind>archive</kind>
         <file>rts2800_fpu64_eabi.lib</file>
         <name>_lock.c.obj</name>
      </input_file>
      <input_file id="fl-51">
         <path>C:\ti\ccs2031\ccs\tools\compiler\ti-cgt-c2000_22.6.2.LTS\lib\</path>
         <kind>archive</kind>
         <file>rts2800_fpu64_eabi.lib</file>
         <name>args_main.c.obj</name>
      </input_file>
      <input_file id="fl-52">
         <path>C:\ti\ccs2031\ccs\tools\compiler\ti-cgt-c2000_22.6.2.LTS\lib\</path>
         <kind>archive</kind>
         <file>rts2800_fpu64_eabi.lib</file>
         <name>memset.c.obj</name>
      </input_file>
      <input_file id="fl-53">
         <path>C:\ti\ccs2031\ccs\tools\compiler\ti-cgt-c2000_22.6.2.LTS\lib\</path>
         <kind>archive</kind>
         <file>rts2800_fpu64_eabi.lib</file>
         <name>cpy_tbl.c.obj</name>
      </input_file>
      <input_file id="fl-54">
         <path>C:\ti\ccs2031\ccs\tools\compiler\ti-cgt-c2000_22.6.2.LTS\lib\</path>
         <kind>archive</kind>
         <file>rts2800_fpu64_eabi.lib</file>
         <name>startup.c.obj</name>
      </input_file>
   </input_file_list>
   <object_component_list>
      <object_component id="oc-30a">
         <name>.cinit..data.load</name>
         <load_address>0x810a0</load_address>
         <run_address>0x810a0</run_address>
         <size>0x9</size>
      </object_component>
      <object_component id="oc-307">
         <name>__TI_handler_table</name>
         <load_address>0x810aa</load_address>
         <run_address>0x810aa</run_address>
         <size>0x6</size>
      </object_component>
      <object_component id="oc-309">
         <name>.cinit..bss.load</name>
         <load_address>0x810b0</load_address>
         <run_address>0x810b0</run_address>
         <size>0x4</size>
      </object_component>
      <object_component id="oc-30b">
         <name>.cinit.controlVariables.load</name>
         <load_address>0x810b4</load_address>
         <run_address>0x810b4</run_address>
         <size>0x4</size>
      </object_component>
      <object_component id="oc-308">
         <name>__TI_cinit_table</name>
         <load_address>0x810b8</load_address>
         <run_address>0x810b8</run_address>
         <size>0xc</size>
      </object_component>
      <object_component id="oc-e0">
         <name>.text:CLLC_HAL_setupSynchronousRectificationAction</name>
         <load_address>0x82000</load_address>
         <run_address>0x82000</run_address>
         <size>0x37d</size>
         <input_file_ref idref="fl-5"/>
      </object_component>
      <object_component id="oc-b0">
         <name>.text:CLLC_initGlobalVariables</name>
         <load_address>0x8237d</load_address>
         <run_address>0x8237d</run_address>
         <size>0x215</size>
         <input_file_ref idref="fl-3"/>
      </object_component>
      <object_component id="oc-5a">
         <name>.text:CLLC_ISR2_primToSecPowerFlow</name>
         <load_address>0x82592</load_address>
         <run_address>0x82592</run_address>
         <size>0x1f2</size>
         <input_file_ref idref="fl-2"/>
      </object_component>
      <object_component id="oc-c2">
         <name>.text:CLLC_HAL_setupADC</name>
         <load_address>0x82784</load_address>
         <run_address>0x82784</run_address>
         <size>0x192</size>
         <input_file_ref idref="fl-5"/>
      </object_component>
      <object_component id="oc-d4">
         <name>.text:CLLC_HAL_setupPWM</name>
         <load_address>0x82916</load_address>
         <run_address>0x82916</run_address>
         <size>0x158</size>
         <input_file_ref idref="fl-5"/>
      </object_component>
      <object_component id="oc-1df">
         <name>.text:SysCtl_setClock</name>
         <load_address>0x82a6e</load_address>
         <run_address>0x82a6e</run_address>
         <size>0x12e</size>
         <input_file_ref idref="fl-29"/>
      </object_component>
      <object_component id="oc-a1">
         <name>.text:CLLC_runISR3</name>
         <load_address>0x82b9c</load_address>
         <run_address>0x82b9c</run_address>
         <size>0xe1</size>
         <input_file_ref idref="fl-3"/>
      </object_component>
      <object_component id="oc-49">
         <name>.text:main</name>
         <load_address>0x82c7d</load_address>
         <run_address>0x82c7d</run_address>
         <size>0xdd</size>
         <input_file_ref idref="fl-2"/>
      </object_component>
      <object_component id="oc-259">
         <name>.text:SysCtl_isPLLValid</name>
         <load_address>0x82d5a</load_address>
         <run_address>0x82d5a</run_address>
         <size>0xda</size>
         <input_file_ref idref="fl-29"/>
      </object_component>
      <object_component id="oc-1e5">
         <name>.text:Device_enableAllPeripherals</name>
         <load_address>0x82e34</load_address>
         <run_address>0x82e34</run_address>
         <size>0xd3</size>
         <input_file_ref idref="fl-6"/>
      </object_component>
      <object_component id="oc-173">
         <name>.text:CLLC_HAL_setupHRPWMinUpDownCountModeWithDeadBand</name>
         <load_address>0x82f07</load_address>
         <run_address>0x82f07</run_address>
         <size>0xc7</size>
         <input_file_ref idref="fl-5"/>
      </object_component>
      <object_component id="oc-da">
         <name>.text:CLLC_HAL_setupPWMpins</name>
         <load_address>0x82fce</load_address>
         <run_address>0x82fce</run_address>
         <size>0xc7</size>
         <input_file_ref idref="fl-5"/>
      </object_component>
      <object_component id="oc-16d">
         <name>.text:CLLC_HAL_setupHRPWMinUpDownCount2ChAsymmetricMode</name>
         <load_address>0x83095</load_address>
         <run_address>0x83095</run_address>
         <size>0x7b</size>
         <input_file_ref idref="fl-5"/>
      </object_component>
      <object_component id="oc-aa">
         <name>.text:CLLC_HAL_setupDevice</name>
         <load_address>0x83110</load_address>
         <run_address>0x83110</run_address>
         <size>0x71</size>
         <input_file_ref idref="fl-5"/>
      </object_component>
      <object_component id="oc-2c1">
         <name>.text:SysCtl_pollX1Counter</name>
         <load_address>0x83181</load_address>
         <run_address>0x83181</run_address>
         <size>0x62</size>
         <input_file_ref idref="fl-29"/>
      </object_component>
      <object_component id="oc-134">
         <name>.text:Device_init</name>
         <load_address>0x831e3</load_address>
         <run_address>0x831e3</run_address>
         <size>0x49</size>
         <input_file_ref idref="fl-6"/>
      </object_component>
      <object_component id="oc-2a8">
         <name>.text:SysCtl_selectXTAL</name>
         <load_address>0x8322c</load_address>
         <run_address>0x8322c</run_address>
         <size>0x48</size>
         <input_file_ref idref="fl-29"/>
      </object_component>
      <object_component id="oc-1eb">
         <name>.text:GPIO_setAnalogMode</name>
         <load_address>0x83274</load_address>
         <run_address>0x83274</run_address>
         <size>0x45</size>
         <input_file_ref idref="fl-1c"/>
      </object_component>
      <object_component id="oc-c8">
         <name>.text:CLLC_HAL_setupTrigForADC</name>
         <load_address>0x832b9</load_address>
         <run_address>0x832b9</run_address>
         <size>0x41</size>
         <input_file_ref idref="fl-5"/>
      </object_component>
      <object_component id="oc-140">
         <name>.text:Interrupt_initModule</name>
         <load_address>0x832fa</load_address>
         <run_address>0x832fa</run_address>
         <size>0x41</size>
         <input_file_ref idref="fl-21"/>
      </object_component>
      <object_component id="oc-17a">
         <name>.text:GPIO_setPadConfig</name>
         <load_address>0x8333b</load_address>
         <run_address>0x8333b</run_address>
         <size>0x3f</size>
         <input_file_ref idref="fl-1c"/>
      </object_component>
      <object_component id="oc-e6">
         <name>.text:CLLC_HAL_setupSynchronousRectificationActionDebug</name>
         <load_address>0x8337a</load_address>
         <run_address>0x8337a</run_address>
         <size>0x39</size>
         <input_file_ref idref="fl-5"/>
      </object_component>
      <object_component id="oc-10b">
         <name>.text:CLLC_updateBoardStatus</name>
         <load_address>0x833b3</load_address>
         <run_address>0x833b3</run_address>
         <size>0x38</size>
         <input_file_ref idref="fl-3"/>
      </object_component>
      <object_component id="oc-fe">
         <name>.text:Interrupt_enable</name>
         <load_address>0x833eb</load_address>
         <run_address>0x833eb</run_address>
         <size>0x36</size>
         <input_file_ref idref="fl-21"/>
      </object_component>
      <object_component id="oc-f2">
         <name>.text:CLLC_HAL_setupPWMinUpDownCountMode</name>
         <load_address>0x83421</load_address>
         <run_address>0x83421</run_address>
         <size>0x34</size>
         <input_file_ref idref="fl-5"/>
      </object_component>
      <object_component id="oc-253">
         <name>.text:SysCtl_selectOscSource</name>
         <load_address>0x83455</load_address>
         <run_address>0x83455</run_address>
         <size>0x31</size>
         <input_file_ref idref="fl-29"/>
      </object_component>
      <object_component id="oc-166">
         <name>.text:GPIO_setPinConfig</name>
         <load_address>0x83486</load_address>
         <run_address>0x83486</run_address>
         <size>0x30</size>
         <input_file_ref idref="fl-1c"/>
      </object_component>
      <object_component id="oc-1b0">
         <name>.text:XBAR_getInputFlagStatus</name>
         <load_address>0x834b6</load_address>
         <run_address>0x834b6</run_address>
         <size>0x2f</size>
         <input_file_ref idref="fl-2b"/>
      </object_component>
      <object_component id="oc-24">
         <name>.text:decompress:lzss</name>
         <load_address>0x834e5</load_address>
         <run_address>0x834e5</run_address>
         <size>0x2e</size>
         <input_file_ref idref="fl-4e"/>
      </object_component>
      <object_component id="oc-193">
         <name>.text:XBAR_setEPWMMuxConfig</name>
         <load_address>0x83513</load_address>
         <run_address>0x83513</run_address>
         <size>0x2b</size>
         <input_file_ref idref="fl-2b"/>
      </object_component>
      <object_component id="oc-217">
         <name>.text:__TI_auto_init_nobinit_nopinit</name>
         <load_address>0x8353e</load_address>
         <run_address>0x8353e</run_address>
         <size>0x2b</size>
         <input_file_ref idref="fl-4b"/>
      </object_component>
      <object_component id="oc-f8">
         <name>.text:CLLC_HAL_setupECAPinPWMMode</name>
         <load_address>0x83569</load_address>
         <run_address>0x83569</run_address>
         <size>0x2a</size>
         <input_file_ref idref="fl-5"/>
      </object_component>
      <object_component id="oc-1cf">
         <name>.text</name>
         <load_address>0x83593</load_address>
         <run_address>0x83593</run_address>
         <size>0x29</size>
         <input_file_ref idref="fl-4f"/>
      </object_component>
      <object_component id="oc-199">
         <name>.text:XBAR_clearInputFlag</name>
         <load_address>0x835bc</load_address>
         <run_address>0x835bc</run_address>
         <size>0x28</size>
         <input_file_ref idref="fl-2b"/>
      </object_component>
      <object_component id="oc-ce">
         <name>.text:CLLC_HAL_setupProfilingGPIO</name>
         <load_address>0x835e4</load_address>
         <run_address>0x835e4</run_address>
         <size>0x25</size>
         <input_file_ref idref="fl-5"/>
      </object_component>
      <object_component id="oc-1a0">
         <name>.text:XBAR_setOutputMuxConfig</name>
         <load_address>0x83609</load_address>
         <run_address>0x83609</run_address>
         <size>0x25</size>
         <input_file_ref idref="fl-2b"/>
      </object_component>
      <object_component id="oc-160">
         <name>.text:GPIO_setQualificationMode</name>
         <load_address>0x8362e</load_address>
         <run_address>0x8362e</run_address>
         <size>0x22</size>
         <input_file_ref idref="fl-1c"/>
      </object_component>
      <object_component id="oc-2a2">
         <name>.text:SysCtl_selectXTALSingleEnded</name>
         <load_address>0x83650</load_address>
         <run_address>0x83650</run_address>
         <size>0x22</size>
         <input_file_ref idref="fl-29"/>
      </object_component>
      <object_component id="oc-15a">
         <name>.text:GPIO_setDirectionMode</name>
         <load_address>0x83672</load_address>
         <run_address>0x83672</run_address>
         <size>0x20</size>
         <input_file_ref idref="fl-1c"/>
      </object_component>
      <object_component id="oc-71">
         <name>.text:Interrupt_initVectorTable</name>
         <load_address>0x83692</load_address>
         <run_address>0x83692</run_address>
         <size>0x1d</size>
         <input_file_ref idref="fl-21"/>
      </object_component>
      <object_component id="oc-87">
         <name>.text</name>
         <load_address>0x836af</load_address>
         <run_address>0x836af</run_address>
         <size>0x1d</size>
         <input_file_ref idref="fl-49"/>
      </object_component>
      <object_component id="oc-1fa">
         <name>.text:ADC_setOffsetTrimAll</name>
         <load_address>0x836cc</load_address>
         <run_address>0x836cc</run_address>
         <size>0x1a</size>
         <input_file_ref idref="fl-8"/>
      </object_component>
      <object_component id="oc-151">
         <name>.text:ADC_setVREF</name>
         <load_address>0x836e6</load_address>
         <run_address>0x836e6</run_address>
         <size>0x19</size>
         <input_file_ref idref="fl-8"/>
      </object_component>
      <object_component id="oc-187">
         <name>.text:CMPSS_configFilterHigh</name>
         <load_address>0x836ff</load_address>
         <run_address>0x836ff</run_address>
         <size>0x19</size>
         <input_file_ref idref="fl-f"/>
      </object_component>
      <object_component id="oc-18d">
         <name>.text:CMPSS_configFilterLow</name>
         <load_address>0x83718</load_address>
         <run_address>0x83718</run_address>
         <size>0x19</size>
         <input_file_ref idref="fl-f"/>
      </object_component>
      <object_component id="oc-12a">
         <name>.text</name>
         <load_address>0x83731</load_address>
         <run_address>0x83731</run_address>
         <size>0x19</size>
         <input_file_ref idref="fl-47"/>
      </object_component>
      <object_component id="oc-181">
         <name>.text:CMPSS_configLatchOnPWMSYNC</name>
         <load_address>0x8374a</load_address>
         <run_address>0x8374a</run_address>
         <size>0x15</size>
         <input_file_ref idref="fl-f"/>
      </object_component>
      <object_component id="oc-13a">
         <name>.text:Device_initGPIO</name>
         <load_address>0x8375f</load_address>
         <run_address>0x8375f</run_address>
         <size>0x10</size>
         <input_file_ref idref="fl-6"/>
      </object_component>
      <object_component id="oc-8f">
         <name>.text:decompress:ZI:__TI_zero_init_nomemset</name>
         <load_address>0x8376f</load_address>
         <run_address>0x8376f</run_address>
         <size>0xd</size>
         <input_file_ref idref="fl-4c"/>
      </object_component>
      <object_component id="oc-7e">
         <name>.text:Interrupt_defaultHandler</name>
         <load_address>0x8377c</load_address>
         <run_address>0x8377c</run_address>
         <size>0xc</size>
         <input_file_ref idref="fl-21"/>
      </object_component>
      <object_component id="oc-1c9">
         <name>.text</name>
         <load_address>0x83788</load_address>
         <run_address>0x83788</run_address>
         <size>0xc</size>
         <input_file_ref idref="fl-51"/>
      </object_component>
      <object_component id="oc-78">
         <name>.text:Interrupt_illegalOperationHandler</name>
         <load_address>0x83794</load_address>
         <run_address>0x83794</run_address>
         <size>0xa</size>
         <input_file_ref idref="fl-21"/>
      </object_component>
      <object_component id="oc-6c">
         <name>.text:Interrupt_nmiHandler</name>
         <load_address>0x8379e</load_address>
         <run_address>0x8379e</run_address>
         <size>0xa</size>
         <input_file_ref idref="fl-21"/>
      </object_component>
      <object_component id="oc-bc">
         <name>.text:CLLC_HAL_disablePWMClkCounting</name>
         <load_address>0x837a8</load_address>
         <run_address>0x837a8</run_address>
         <size>0x9</size>
         <input_file_ref idref="fl-5"/>
      </object_component>
      <object_component id="oc-293">
         <name>.text</name>
         <load_address>0x837b1</load_address>
         <run_address>0x837b1</run_address>
         <size>0x9</size>
         <input_file_ref idref="fl-50"/>
      </object_component>
      <object_component id="oc-ec">
         <name>.text:CLLC_HAL_enablePWMClkCounting</name>
         <load_address>0x837ba</load_address>
         <run_address>0x837ba</run_address>
         <size>0x8</size>
         <input_file_ref idref="fl-5"/>
      </object_component>
      <object_component id="oc-2a">
         <name>.text:decompress:none</name>
         <load_address>0x837c2</load_address>
         <run_address>0x837c2</run_address>
         <size>0x8</size>
         <input_file_ref idref="fl-4d"/>
      </object_component>
      <object_component id="oc-9b">
         <name>.text</name>
         <load_address>0x837ca</load_address>
         <run_address>0x837ca</run_address>
         <size>0x8</size>
         <input_file_ref idref="fl-7"/>
      </object_component>
      <object_component id="oc-146">
         <name>.text:CPUTimer_setEmulationMode</name>
         <load_address>0x837d2</load_address>
         <run_address>0x837d2</run_address>
         <size>0x6</size>
         <input_file_ref idref="fl-10"/>
      </object_component>
      <object_component id="oc-b6">
         <name>.text:CLLC_setBuildLevelIndicatorVariable</name>
         <load_address>0x837d8</load_address>
         <run_address>0x837d8</run_address>
         <size>0x4</size>
         <input_file_ref idref="fl-3"/>
      </object_component>
      <object_component id="oc-1c2">
         <name>.text</name>
         <load_address>0x837dc</load_address>
         <run_address>0x837dc</run_address>
         <size>0x2</size>
         <input_file_ref idref="fl-4a"/>
      </object_component>
      <object_component id="oc-279">
         <name>.text</name>
         <load_address>0x837de</load_address>
         <run_address>0x837de</run_address>
         <size>0x1</size>
         <input_file_ref idref="fl-54"/>
      </object_component>
      <object_component id="oc-31">
         <name>codestart</name>
         <load_address>0x80000</load_address>
         <run_address>0x80000</run_address>
         <size>0x2</size>
         <input_file_ref idref="fl-7"/>
      </object_component>
      <object_component id="oc-84">
         <name>.stack</name>
         <uninitialized>true</uninitialized>
         <run_address>0x400</run_address>
         <size>0x0</size>
         <input_file_ref idref="fl-47"/>
      </object_component>
      <object_component id="oc-30c">
         <name>.stack</name>
         <uninitialized>true</uninitialized>
         <run_address>0x400</run_address>
         <size>0x0</size>
      </object_component>
      <object_component id="oc-a7">
         <name>.bss</name>
         <uninitialized>true</uninitialized>
         <run_address>0xe000</run_address>
         <size>0xe</size>
         <input_file_ref idref="fl-2"/>
      </object_component>
      <object_component id="oc-249">
         <name>.data</name>
         <load_address>0xe00e</load_address>
         <run_address>0xe00e</run_address>
         <size>0x6</size>
         <input_file_ref idref="fl-4f"/>
      </object_component>
      <object_component id="oc-24c">
         <name>.data:_lock</name>
         <load_address>0xe014</load_address>
         <run_address>0xe014</run_address>
         <size>0x2</size>
         <input_file_ref idref="fl-50"/>
      </object_component>
      <object_component id="oc-2ba">
         <name>.data:_unlock</name>
         <load_address>0xe016</load_address>
         <run_address>0xe016</run_address>
         <size>0x2</size>
         <input_file_ref idref="fl-50"/>
      </object_component>
      <object_component id="oc-1d9">
         <name>.TI.ramfunc:Flash_initModule</name>
         <load_address>0x81000</load_address>
         <run_address>0xc2c0</run_address>
         <size>0x4b</size>
         <input_file_ref idref="fl-1a"/>
      </object_component>
      <object_component id="oc-157">
         <name>.TI.ramfunc</name>
         <load_address>0x8104b</load_address>
         <run_address>0xc30b</run_address>
         <size>0x4</size>
         <input_file_ref idref="fl-29"/>
      </object_component>
      <object_component id="oc-48">
         <name>ramfuncs:CLLC_ISR3</name>
         <load_address>0x8104f</load_address>
         <run_address>0xc30f</run_address>
         <size>0x51</size>
         <input_file_ref idref="fl-2"/>
      </object_component>
      <object_component id="oc-104">
         <name>controlVariables</name>
         <uninitialized>true</uninitialized>
         <run_address>0x8000</run_address>
         <size>0x124</size>
         <input_file_ref idref="fl-3"/>
      </object_component>
      <object_component id="oc-54">
         <name>isrcodefuncs:CLLC_ISR2_secToPrimPowerFlow</name>
         <load_address>0x87000</load_address>
         <run_address>0xc000</run_address>
         <size>0x23a</size>
         <input_file_ref idref="fl-2"/>
      </object_component>
      <object_component id="oc-66">
         <name>isrcodefuncs:CLLC_ISR1</name>
         <load_address>0x8723a</load_address>
         <run_address>0xc23a</run_address>
         <size>0x58</size>
         <input_file_ref idref="fl-2"/>
      </object_component>
      <object_component id="oc-60">
         <name>isrcodefuncs:CLLC_ISR1_second</name>
         <load_address>0x87292</load_address>
         <run_address>0xc292</run_address>
         <size>0x2e</size>
         <input_file_ref idref="fl-2"/>
      </object_component>
      <object_component id="oc-108">
         <name>.debug_types</name>
         <load_address>0x0</load_address>
         <run_address>0x0</run_address>
         <size>0x123e</size>
         <input_file_ref idref="fl-2"/>
      </object_component>
      <object_component id="oc-131">
         <name>.debug_types</name>
         <load_address>0x123e</load_address>
         <run_address>0x123e</run_address>
         <size>0x1422</size>
         <input_file_ref idref="fl-3"/>
      </object_component>
      <object_component id="oc-14d">
         <name>.debug_types</name>
         <load_address>0x2660</load_address>
         <run_address>0x2660</run_address>
         <size>0x5606</size>
         <input_file_ref idref="fl-5"/>
      </object_component>
      <object_component id="oc-1f2">
         <name>.debug_types</name>
         <load_address>0x7c66</load_address>
         <run_address>0x7c66</run_address>
         <size>0x575</size>
         <input_file_ref idref="fl-6"/>
      </object_component>
      <object_component id="oc-201">
         <name>.debug_types</name>
         <load_address>0x81db</load_address>
         <run_address>0x81db</run_address>
         <size>0x1a1</size>
         <input_file_ref idref="fl-8"/>
      </object_component>
      <object_component id="oc-20a">
         <name>.debug_types</name>
         <load_address>0x837c</load_address>
         <run_address>0x837c</run_address>
         <size>0x2f</size>
         <input_file_ref idref="fl-f"/>
      </object_component>
      <object_component id="oc-1f6">
         <name>.debug_types</name>
         <load_address>0x83ab</load_address>
         <run_address>0x83ab</run_address>
         <size>0x2f</size>
         <input_file_ref idref="fl-10"/>
      </object_component>
      <object_component id="oc-252">
         <name>.debug_types</name>
         <load_address>0x83da</load_address>
         <run_address>0x83da</run_address>
         <size>0x1fa</size>
         <input_file_ref idref="fl-1a"/>
      </object_component>
      <object_component id="oc-203">
         <name>.debug_types</name>
         <load_address>0x85d4</load_address>
         <run_address>0x85d4</run_address>
         <size>0x40a</size>
         <input_file_ref idref="fl-1c"/>
      </object_component>
      <object_component id="oc-115">
         <name>.debug_types</name>
         <load_address>0x0</load_address>
         <run_address>0x0</run_address>
         <size>0x0</size>
         <input_file_ref idref="fl-21"/>
      </object_component>
      <object_component id="oc-260">
         <name>.debug_types</name>
         <load_address>0x89de</load_address>
         <run_address>0x89de</run_address>
         <size>0x7c6</size>
         <input_file_ref idref="fl-29"/>
      </object_component>
      <object_component id="oc-20e">
         <name>.debug_types</name>
         <load_address>0x91a4</load_address>
         <run_address>0x91a4</run_address>
         <size>0x1017</size>
         <input_file_ref idref="fl-2b"/>
      </object_component>
      <object_component id="oc-11d">
         <name>.debug_types</name>
         <load_address>0xa1bb</load_address>
         <run_address>0xa1bb</run_address>
         <size>0x142</size>
         <input_file_ref idref="fl-49"/>
      </object_component>
      <object_component id="oc-216">
         <name>.debug_types</name>
         <load_address>0x0</load_address>
         <run_address>0x0</run_address>
         <size>0x0</size>
         <input_file_ref idref="fl-4a"/>
      </object_component>
      <object_component id="oc-280">
         <name>.debug_types</name>
         <load_address>0xa2fd</load_address>
         <run_address>0xa2fd</run_address>
         <size>0x441</size>
         <input_file_ref idref="fl-4b"/>
      </object_component>
      <object_component id="oc-122">
         <name>.debug_types</name>
         <load_address>0xa73e</load_address>
         <run_address>0xa73e</run_address>
         <size>0x165</size>
         <input_file_ref idref="fl-4c"/>
      </object_component>
      <object_component id="oc-8e">
         <name>.debug_types</name>
         <load_address>0x0</load_address>
         <run_address>0x0</run_address>
         <size>0x0</size>
         <input_file_ref idref="fl-4d"/>
      </object_component>
      <object_component id="oc-86">
         <name>.debug_types</name>
         <load_address>0xa8a3</load_address>
         <run_address>0xa8a3</run_address>
         <size>0x191</size>
         <input_file_ref idref="fl-4e"/>
      </object_component>
      <object_component id="oc-250">
         <name>.debug_types</name>
         <load_address>0xaa34</load_address>
         <run_address>0xaa34</run_address>
         <size>0xbf</size>
         <input_file_ref idref="fl-4f"/>
      </object_component>
      <object_component id="oc-29b">
         <name>.debug_types</name>
         <load_address>0xaaf3</load_address>
         <run_address>0xaaf3</run_address>
         <size>0x2f</size>
         <input_file_ref idref="fl-50"/>
      </object_component>
      <object_component id="oc-248">
         <name>.debug_types</name>
         <load_address>0xab22</load_address>
         <run_address>0xab22</run_address>
         <size>0xe1</size>
         <input_file_ref idref="fl-51"/>
      </object_component>
      <object_component id="oc-2b4">
         <name>.debug_types</name>
         <load_address>0x0</load_address>
         <run_address>0x0</run_address>
         <size>0x0</size>
         <input_file_ref idref="fl-54"/>
      </object_component>
      <object_component id="oc-a8">
         <name>.debug_info</name>
         <load_address>0x0</load_address>
         <run_address>0x0</run_address>
         <size>0x217</size>
         <input_file_ref idref="fl-2"/>
      </object_component>
      <object_component id="oc-4c">
         <name>.debug_info</name>
         <load_address>0x217</load_address>
         <run_address>0x217</run_address>
         <size>0x362</size>
         <input_file_ref idref="fl-2"/>
      </object_component>
      <object_component id="oc-50">
         <name>.debug_info</name>
         <load_address>0x579</load_address>
         <run_address>0x579</run_address>
         <size>0x115</size>
         <input_file_ref idref="fl-2"/>
      </object_component>
      <object_component id="oc-56">
         <name>.debug_info</name>
         <load_address>0x68e</load_address>
         <run_address>0x68e</run_address>
         <size>0x149</size>
         <input_file_ref idref="fl-2"/>
      </object_component>
      <object_component id="oc-5c">
         <name>.debug_info</name>
         <load_address>0x7d7</load_address>
         <run_address>0x7d7</run_address>
         <size>0x156</size>
         <input_file_ref idref="fl-2"/>
      </object_component>
      <object_component id="oc-62">
         <name>.debug_info</name>
         <load_address>0x92d</load_address>
         <run_address>0x92d</run_address>
         <size>0x111</size>
         <input_file_ref idref="fl-2"/>
      </object_component>
      <object_component id="oc-67">
         <name>.debug_info</name>
         <load_address>0xa3e</load_address>
         <run_address>0xa3e</run_address>
         <size>0x1a8</size>
         <input_file_ref idref="fl-2"/>
      </object_component>
      <object_component id="oc-105">
         <name>.debug_info</name>
         <load_address>0xbe6</load_address>
         <run_address>0xbe6</run_address>
         <size>0x1619</size>
         <input_file_ref idref="fl-3"/>
      </object_component>
      <object_component id="oc-10d">
         <name>.debug_info</name>
         <load_address>0x21ff</load_address>
         <run_address>0x21ff</run_address>
         <size>0x23c</size>
         <input_file_ref idref="fl-3"/>
      </object_component>
      <object_component id="oc-b7">
         <name>.debug_info</name>
         <load_address>0x243b</load_address>
         <run_address>0x243b</run_address>
         <size>0x139</size>
         <input_file_ref idref="fl-3"/>
      </object_component>
      <object_component id="oc-a2">
         <name>.debug_info</name>
         <load_address>0x2574</load_address>
         <run_address>0x2574</run_address>
         <size>0x12c</size>
         <input_file_ref idref="fl-3"/>
      </object_component>
      <object_component id="oc-b2">
         <name>.debug_info</name>
         <load_address>0x26a0</load_address>
         <run_address>0x26a0</run_address>
         <size>0x13d</size>
         <input_file_ref idref="fl-3"/>
      </object_component>
      <object_component id="oc-cb">
         <name>.debug_info</name>
         <load_address>0x27dd</load_address>
         <run_address>0x27dd</run_address>
         <size>0x12b</size>
         <input_file_ref idref="fl-5"/>
      </object_component>
      <object_component id="oc-e9">
         <name>.debug_info</name>
         <load_address>0x2908</load_address>
         <run_address>0x2908</run_address>
         <size>0x1fb</size>
         <input_file_ref idref="fl-5"/>
      </object_component>
      <object_component id="oc-e3">
         <name>.debug_info</name>
         <load_address>0x2b03</load_address>
         <run_address>0x2b03</run_address>
         <size>0x2fb</size>
         <input_file_ref idref="fl-5"/>
      </object_component>
      <object_component id="oc-d2">
         <name>.debug_info</name>
         <load_address>0x2dfe</load_address>
         <run_address>0x2dfe</run_address>
         <size>0x224</size>
         <input_file_ref idref="fl-5"/>
      </object_component>
      <object_component id="oc-dc">
         <name>.debug_info</name>
         <load_address>0x3022</load_address>
         <run_address>0x3022</run_address>
         <size>0x445</size>
         <input_file_ref idref="fl-5"/>
      </object_component>
      <object_component id="oc-f4">
         <name>.debug_info</name>
         <load_address>0x3467</load_address>
         <run_address>0x3467</run_address>
         <size>0x1c7</size>
         <input_file_ref idref="fl-5"/>
      </object_component>
      <object_component id="oc-170">
         <name>.debug_info</name>
         <load_address>0x362e</load_address>
         <run_address>0x362e</run_address>
         <size>0x1e7</size>
         <input_file_ref idref="fl-5"/>
      </object_component>
      <object_component id="oc-175">
         <name>.debug_info</name>
         <load_address>0x3815</load_address>
         <run_address>0x3815</run_address>
         <size>0x21e</size>
         <input_file_ref idref="fl-5"/>
      </object_component>
      <object_component id="oc-d7">
         <name>.debug_info</name>
         <load_address>0x3a33</load_address>
         <run_address>0x3a33</run_address>
         <size>0x300</size>
         <input_file_ref idref="fl-5"/>
      </object_component>
      <object_component id="oc-fc">
         <name>.debug_info</name>
         <load_address>0x3d33</load_address>
         <run_address>0x3d33</run_address>
         <size>0x1bb</size>
         <input_file_ref idref="fl-5"/>
      </object_component>
      <object_component id="oc-ad">
         <name>.debug_info</name>
         <load_address>0x3eee</load_address>
         <run_address>0x3eee</run_address>
         <size>0x255</size>
         <input_file_ref idref="fl-5"/>
      </object_component>
      <object_component id="oc-c6">
         <name>.debug_info</name>
         <load_address>0x4143</load_address>
         <run_address>0x4143</run_address>
         <size>0x162</size>
         <input_file_ref idref="fl-5"/>
      </object_component>
      <object_component id="oc-ef">
         <name>.debug_info</name>
         <load_address>0x42a5</load_address>
         <run_address>0x42a5</run_address>
         <size>0x133</size>
         <input_file_ref idref="fl-5"/>
      </object_component>
      <object_component id="oc-c0">
         <name>.debug_info</name>
         <load_address>0x43d8</load_address>
         <run_address>0x43d8</run_address>
         <size>0x135</size>
         <input_file_ref idref="fl-5"/>
      </object_component>
      <object_component id="oc-13b">
         <name>.debug_info</name>
         <load_address>0x450d</load_address>
         <run_address>0x450d</run_address>
         <size>0x117</size>
         <input_file_ref idref="fl-6"/>
      </object_component>
      <object_component id="oc-1e7">
         <name>.debug_info</name>
         <load_address>0x4624</load_address>
         <run_address>0x4624</run_address>
         <size>0x12f</size>
         <input_file_ref idref="fl-6"/>
      </object_component>
      <object_component id="oc-137">
         <name>.debug_info</name>
         <load_address>0x4753</load_address>
         <run_address>0x4753</run_address>
         <size>0x1a3</size>
         <input_file_ref idref="fl-6"/>
      </object_component>
      <object_component id="oc-34">
         <name>.debug_info</name>
         <load_address>0x48f6</load_address>
         <run_address>0x48f6</run_address>
         <size>0x10a</size>
         <input_file_ref idref="fl-7"/>
      </object_component>
      <object_component id="oc-9d">
         <name>.debug_info</name>
         <load_address>0x4a00</load_address>
         <run_address>0x4a00</run_address>
         <size>0x10b</size>
         <input_file_ref idref="fl-7"/>
      </object_component>
      <object_component id="oc-1fd">
         <name>.debug_info</name>
         <load_address>0x4b0b</load_address>
         <run_address>0x4b0b</run_address>
         <size>0x187</size>
         <input_file_ref idref="fl-8"/>
      </object_component>
      <object_component id="oc-152">
         <name>.debug_info</name>
         <load_address>0x4c92</load_address>
         <run_address>0x4c92</run_address>
         <size>0x199</size>
         <input_file_ref idref="fl-8"/>
      </object_component>
      <object_component id="oc-182">
         <name>.debug_info</name>
         <load_address>0x4e2b</load_address>
         <run_address>0x4e2b</run_address>
         <size>0x1b5</size>
         <input_file_ref idref="fl-f"/>
      </object_component>
      <object_component id="oc-190">
         <name>.debug_info</name>
         <load_address>0x4fe0</load_address>
         <run_address>0x4fe0</run_address>
         <size>0x1e4</size>
         <input_file_ref idref="fl-f"/>
      </object_component>
      <object_component id="oc-188">
         <name>.debug_info</name>
         <load_address>0x51c4</load_address>
         <run_address>0x51c4</run_address>
         <size>0x1e6</size>
         <input_file_ref idref="fl-f"/>
      </object_component>
      <object_component id="oc-14a">
         <name>.debug_info</name>
         <load_address>0x53aa</load_address>
         <run_address>0x53aa</run_address>
         <size>0x183</size>
         <input_file_ref idref="fl-10"/>
      </object_component>
      <object_component id="oc-1da">
         <name>.debug_info</name>
         <load_address>0x552d</load_address>
         <run_address>0x552d</run_address>
         <size>0x1a6</size>
         <input_file_ref idref="fl-1a"/>
      </object_component>
      <object_component id="oc-161">
         <name>.debug_info</name>
         <load_address>0x56d3</load_address>
         <run_address>0x56d3</run_address>
         <size>0x18d</size>
         <input_file_ref idref="fl-1c"/>
      </object_component>
      <object_component id="oc-167">
         <name>.debug_info</name>
         <load_address>0x5860</load_address>
         <run_address>0x5860</run_address>
         <size>0x157</size>
         <input_file_ref idref="fl-1c"/>
      </object_component>
      <object_component id="oc-17b">
         <name>.debug_info</name>
         <load_address>0x59b7</load_address>
         <run_address>0x59b7</run_address>
         <size>0x19b</size>
         <input_file_ref idref="fl-1c"/>
      </object_component>
      <object_component id="oc-15c">
         <name>.debug_info</name>
         <load_address>0x5b52</load_address>
         <run_address>0x5b52</run_address>
         <size>0x19e</size>
         <input_file_ref idref="fl-1c"/>
      </object_component>
      <object_component id="oc-1ee">
         <name>.debug_info</name>
         <load_address>0x5cf0</load_address>
         <run_address>0x5cf0</run_address>
         <size>0x198</size>
         <input_file_ref idref="fl-1c"/>
      </object_component>
      <object_component id="oc-6d">
         <name>.debug_info</name>
         <load_address>0x5e88</load_address>
         <run_address>0x5e88</run_address>
         <size>0x131</size>
         <input_file_ref idref="fl-21"/>
      </object_component>
      <object_component id="oc-73">
         <name>.debug_info</name>
         <load_address>0x5fb9</load_address>
         <run_address>0x5fb9</run_address>
         <size>0x147</size>
         <input_file_ref idref="fl-21"/>
      </object_component>
      <object_component id="oc-142">
         <name>.debug_info</name>
         <load_address>0x6100</load_address>
         <run_address>0x6100</run_address>
         <size>0x13b</size>
         <input_file_ref idref="fl-21"/>
      </object_component>
      <object_component id="oc-7a">
         <name>.debug_info</name>
         <load_address>0x623b</load_address>
         <run_address>0x623b</run_address>
         <size>0x14b</size>
         <input_file_ref idref="fl-21"/>
      </object_component>
      <object_component id="oc-100">
         <name>.debug_info</name>
         <load_address>0x6386</load_address>
         <run_address>0x6386</run_address>
         <size>0x183</size>
         <input_file_ref idref="fl-21"/>
      </object_component>
      <object_component id="oc-80">
         <name>.debug_info</name>
         <load_address>0x6509</load_address>
         <run_address>0x6509</run_address>
         <size>0x139</size>
         <input_file_ref idref="fl-21"/>
      </object_component>
      <object_component id="oc-2c2">
         <name>.debug_info</name>
         <load_address>0x6642</load_address>
         <run_address>0x6642</run_address>
         <size>0x18e</size>
         <input_file_ref idref="fl-29"/>
      </object_component>
      <object_component id="oc-2a3">
         <name>.debug_info</name>
         <load_address>0x67d0</load_address>
         <run_address>0x67d0</run_address>
         <size>0x173</size>
         <input_file_ref idref="fl-29"/>
      </object_component>
      <object_component id="oc-2a9">
         <name>.debug_info</name>
         <load_address>0x6943</load_address>
         <run_address>0x6943</run_address>
         <size>0x18c</size>
         <input_file_ref idref="fl-29"/>
      </object_component>
      <object_component id="oc-256">
         <name>.debug_info</name>
         <load_address>0x6acf</load_address>
         <run_address>0x6acf</run_address>
         <size>0x189</size>
         <input_file_ref idref="fl-29"/>
      </object_component>
      <object_component id="oc-25b">
         <name>.debug_info</name>
         <load_address>0x6c58</load_address>
         <run_address>0x6c58</run_address>
         <size>0x252</size>
         <input_file_ref idref="fl-29"/>
      </object_component>
      <object_component id="oc-1e1">
         <name>.debug_info</name>
         <load_address>0x6eaa</load_address>
         <run_address>0x6eaa</run_address>
         <size>0x2ad</size>
         <input_file_ref idref="fl-29"/>
      </object_component>
      <object_component id="oc-1a1">
         <name>.debug_info</name>
         <load_address>0x7157</load_address>
         <run_address>0x7157</run_address>
         <size>0x1b7</size>
         <input_file_ref idref="fl-2b"/>
      </object_component>
      <object_component id="oc-194">
         <name>.debug_info</name>
         <load_address>0x730e</load_address>
         <run_address>0x730e</run_address>
         <size>0x18f</size>
         <input_file_ref idref="fl-2b"/>
      </object_component>
      <object_component id="oc-1b1">
         <name>.debug_info</name>
         <load_address>0x749d</load_address>
         <run_address>0x749d</run_address>
         <size>0x17b</size>
         <input_file_ref idref="fl-2b"/>
      </object_component>
      <object_component id="oc-19b">
         <name>.debug_info</name>
         <load_address>0x7618</load_address>
         <run_address>0x7618</run_address>
         <size>0x16c</size>
         <input_file_ref idref="fl-2b"/>
      </object_component>
      <object_component id="oc-12b">
         <name>.debug_info</name>
         <load_address>0x7784</load_address>
         <run_address>0x7784</run_address>
         <size>0x147</size>
         <input_file_ref idref="fl-47"/>
      </object_component>
      <object_component id="oc-8a">
         <name>.debug_info</name>
         <load_address>0x78cb</load_address>
         <run_address>0x78cb</run_address>
         <size>0x18a</size>
         <input_file_ref idref="fl-49"/>
      </object_component>
      <object_component id="oc-1c4">
         <name>.debug_info</name>
         <load_address>0x7a55</load_address>
         <run_address>0x7a55</run_address>
         <size>0x13c</size>
         <input_file_ref idref="fl-4a"/>
      </object_component>
      <object_component id="oc-21b">
         <name>.debug_info</name>
         <load_address>0x7b91</load_address>
         <run_address>0x7b91</run_address>
         <size>0x1ae</size>
         <input_file_ref idref="fl-4b"/>
      </object_component>
      <object_component id="oc-91">
         <name>.debug_info</name>
         <load_address>0x7d3f</load_address>
         <run_address>0x7d3f</run_address>
         <size>0x1a5</size>
         <input_file_ref idref="fl-4c"/>
      </object_component>
      <object_component id="oc-2d">
         <name>.debug_info</name>
         <load_address>0x7ee4</load_address>
         <run_address>0x7ee4</run_address>
         <size>0x1a6</size>
         <input_file_ref idref="fl-4d"/>
      </object_component>
      <object_component id="oc-28">
         <name>.debug_info</name>
         <load_address>0x808a</load_address>
         <run_address>0x808a</run_address>
         <size>0x1fb</size>
         <input_file_ref idref="fl-4e"/>
      </object_component>
      <object_component id="oc-24a">
         <name>.debug_info</name>
         <load_address>0x8285</load_address>
         <run_address>0x8285</run_address>
         <size>0x18d</size>
         <input_file_ref idref="fl-4f"/>
      </object_component>
      <object_component id="oc-1d0">
         <name>.debug_info</name>
         <load_address>0x8412</load_address>
         <run_address>0x8412</run_address>
         <size>0x198</size>
         <input_file_ref idref="fl-4f"/>
      </object_component>
      <object_component id="oc-24d">
         <name>.debug_info</name>
         <load_address>0x85aa</load_address>
         <run_address>0x85aa</run_address>
         <size>0xf6</size>
         <input_file_ref idref="fl-50"/>
      </object_component>
      <object_component id="oc-2bb">
         <name>.debug_info</name>
         <load_address>0x86a0</load_address>
         <run_address>0x86a0</run_address>
         <size>0xfa</size>
         <input_file_ref idref="fl-50"/>
      </object_component>
      <object_component id="oc-296">
         <name>.debug_info</name>
         <load_address>0x879a</load_address>
         <run_address>0x879a</run_address>
         <size>0x1f2</size>
         <input_file_ref idref="fl-50"/>
      </object_component>
      <object_component id="oc-1cd">
         <name>.debug_info</name>
         <load_address>0x898c</load_address>
         <run_address>0x898c</run_address>
         <size>0x14c</size>
         <input_file_ref idref="fl-51"/>
      </object_component>
      <object_component id="oc-27b">
         <name>.debug_info</name>
         <load_address>0x8ad8</load_address>
         <run_address>0x8ad8</run_address>
         <size>0x136</size>
         <input_file_ref idref="fl-54"/>
      </object_component>
      <object_component id="oc-30e">
         <name>.debug_info</name>
         <load_address>0x8c0e</load_address>
         <run_address>0x8c0e</run_address>
         <size>0xaa</size>
      </object_component>
      <object_component id="oc-133">
         <name>.debug_line</name>
         <load_address>0x0</load_address>
         <run_address>0x0</run_address>
         <size>0x33</size>
         <input_file_ref idref="fl-2"/>
      </object_component>
      <object_component id="oc-4a">
         <name>.debug_line</name>
         <load_address>0x33</load_address>
         <run_address>0x33</run_address>
         <size>0x31c</size>
         <input_file_ref idref="fl-2"/>
      </object_component>
      <object_component id="oc-4f">
         <name>.debug_line</name>
         <load_address>0x34f</load_address>
         <run_address>0x34f</run_address>
         <size>0xf9</size>
         <input_file_ref idref="fl-2"/>
      </object_component>
      <object_component id="oc-55">
         <name>.debug_line</name>
         <load_address>0x448</load_address>
         <run_address>0x448</run_address>
         <size>0x3e0</size>
         <input_file_ref idref="fl-2"/>
      </object_component>
      <object_component id="oc-5b">
         <name>.debug_line</name>
         <load_address>0x828</load_address>
         <run_address>0x828</run_address>
         <size>0x409</size>
         <input_file_ref idref="fl-2"/>
      </object_component>
      <object_component id="oc-61">
         <name>.debug_line</name>
         <load_address>0xc31</load_address>
         <run_address>0xc31</run_address>
         <size>0x15c</size>
         <input_file_ref idref="fl-2"/>
      </object_component>
      <object_component id="oc-6a">
         <name>.debug_line</name>
         <load_address>0xd8d</load_address>
         <run_address>0xd8d</run_address>
         <size>0x1b7</size>
         <input_file_ref idref="fl-2"/>
      </object_component>
      <object_component id="oc-1ae">
         <name>.debug_line</name>
         <load_address>0xf44</load_address>
         <run_address>0xf44</run_address>
         <size>0xe7</size>
         <input_file_ref idref="fl-2"/>
      </object_component>
      <object_component id="oc-1ac">
         <name>.debug_line</name>
         <load_address>0x102b</load_address>
         <run_address>0x102b</run_address>
         <size>0x33</size>
         <input_file_ref idref="fl-3"/>
      </object_component>
      <object_component id="oc-10c">
         <name>.debug_line</name>
         <load_address>0x105e</load_address>
         <run_address>0x105e</run_address>
         <size>0xdd</size>
         <input_file_ref idref="fl-3"/>
      </object_component>
      <object_component id="oc-ba">
         <name>.debug_line</name>
         <load_address>0x113b</load_address>
         <run_address>0x113b</run_address>
         <size>0x46</size>
         <input_file_ref idref="fl-3"/>
      </object_component>
      <object_component id="oc-a5">
         <name>.debug_line</name>
         <load_address>0x1181</load_address>
         <run_address>0x1181</run_address>
         <size>0x19e</size>
         <input_file_ref idref="fl-3"/>
      </object_component>
      <object_component id="oc-b1">
         <name>.debug_line</name>
         <load_address>0x131f</load_address>
         <run_address>0x131f</run_address>
         <size>0x44d</size>
         <input_file_ref idref="fl-3"/>
      </object_component>
      <object_component id="oc-1d7">
         <name>.debug_line</name>
         <load_address>0x176c</load_address>
         <run_address>0x176c</run_address>
         <size>0x1cb</size>
         <input_file_ref idref="fl-3"/>
      </object_component>
      <object_component id="oc-cd">
         <name>.debug_line</name>
         <load_address>0x1937</load_address>
         <run_address>0x1937</run_address>
         <size>0xe0</size>
         <input_file_ref idref="fl-5"/>
      </object_component>
      <object_component id="oc-eb">
         <name>.debug_line</name>
         <load_address>0x1a17</load_address>
         <run_address>0x1a17</run_address>
         <size>0xde</size>
         <input_file_ref idref="fl-5"/>
      </object_component>
      <object_component id="oc-e2">
         <name>.debug_line</name>
         <load_address>0x1af5</load_address>
         <run_address>0x1af5</run_address>
         <size>0x41c</size>
         <input_file_ref idref="fl-5"/>
      </object_component>
      <object_component id="oc-d1">
         <name>.debug_line</name>
         <load_address>0x1f11</load_address>
         <run_address>0x1f11</run_address>
         <size>0x52</size>
         <input_file_ref idref="fl-5"/>
      </object_component>
      <object_component id="oc-de">
         <name>.debug_line</name>
         <load_address>0x1f63</load_address>
         <run_address>0x1f63</run_address>
         <size>0x124</size>
         <input_file_ref idref="fl-5"/>
      </object_component>
      <object_component id="oc-f7">
         <name>.debug_line</name>
         <load_address>0x2087</load_address>
         <run_address>0x2087</run_address>
         <size>0x103</size>
         <input_file_ref idref="fl-5"/>
      </object_component>
      <object_component id="oc-16f">
         <name>.debug_line</name>
         <load_address>0x218a</load_address>
         <run_address>0x218a</run_address>
         <size>0x196</size>
         <input_file_ref idref="fl-5"/>
      </object_component>
      <object_component id="oc-178">
         <name>.debug_line</name>
         <load_address>0x2320</load_address>
         <run_address>0x2320</run_address>
         <size>0x28e</size>
         <input_file_ref idref="fl-5"/>
      </object_component>
      <object_component id="oc-d9">
         <name>.debug_line</name>
         <load_address>0x25ae</load_address>
         <run_address>0x25ae</run_address>
         <size>0x183</size>
         <input_file_ref idref="fl-5"/>
      </object_component>
      <object_component id="oc-fa">
         <name>.debug_line</name>
         <load_address>0x2731</load_address>
         <run_address>0x2731</run_address>
         <size>0xba</size>
         <input_file_ref idref="fl-5"/>
      </object_component>
      <object_component id="oc-af">
         <name>.debug_line</name>
         <load_address>0x27eb</load_address>
         <run_address>0x27eb</run_address>
         <size>0x10a</size>
         <input_file_ref idref="fl-5"/>
      </object_component>
      <object_component id="oc-c5">
         <name>.debug_line</name>
         <load_address>0x28f5</load_address>
         <run_address>0x28f5</run_address>
         <size>0xb1</size>
         <input_file_ref idref="fl-5"/>
      </object_component>
      <object_component id="oc-f1">
         <name>.debug_line</name>
         <load_address>0x29a6</load_address>
         <run_address>0x29a6</run_address>
         <size>0x9a</size>
         <input_file_ref idref="fl-5"/>
      </object_component>
      <object_component id="oc-bf">
         <name>.debug_line</name>
         <load_address>0x2a40</load_address>
         <run_address>0x2a40</run_address>
         <size>0x9a</size>
         <input_file_ref idref="fl-5"/>
      </object_component>
      <object_component id="oc-1f8">
         <name>.debug_line</name>
         <load_address>0x2ada</load_address>
         <run_address>0x2ada</run_address>
         <size>0x184</size>
         <input_file_ref idref="fl-5"/>
      </object_component>
      <object_component id="oc-13e">
         <name>.debug_line</name>
         <load_address>0x2c5e</load_address>
         <run_address>0x2c5e</run_address>
         <size>0x98</size>
         <input_file_ref idref="fl-6"/>
      </object_component>
      <object_component id="oc-1ea">
         <name>.debug_line</name>
         <load_address>0x2cf6</load_address>
         <run_address>0x2cf6</run_address>
         <size>0x9f</size>
         <input_file_ref idref="fl-6"/>
      </object_component>
      <object_component id="oc-135">
         <name>.debug_line</name>
         <load_address>0x2d95</load_address>
         <run_address>0x2d95</run_address>
         <size>0x109</size>
         <input_file_ref idref="fl-6"/>
      </object_component>
      <object_component id="oc-264">
         <name>.debug_line</name>
         <load_address>0x2e9e</load_address>
         <run_address>0x2e9e</run_address>
         <size>0x10f</size>
         <input_file_ref idref="fl-6"/>
      </object_component>
      <object_component id="oc-33">
         <name>.debug_line</name>
         <load_address>0x2fad</load_address>
         <run_address>0x2fad</run_address>
         <size>0x55</size>
         <input_file_ref idref="fl-7"/>
      </object_component>
      <object_component id="oc-9c">
         <name>.debug_line</name>
         <load_address>0x3002</load_address>
         <run_address>0x3002</run_address>
         <size>0x5d</size>
         <input_file_ref idref="fl-7"/>
      </object_component>
      <object_component id="oc-1fb">
         <name>.debug_line</name>
         <load_address>0x305f</load_address>
         <run_address>0x305f</run_address>
         <size>0x58</size>
         <input_file_ref idref="fl-8"/>
      </object_component>
      <object_component id="oc-156">
         <name>.debug_line</name>
         <load_address>0x30b7</load_address>
         <run_address>0x30b7</run_address>
         <size>0x66</size>
         <input_file_ref idref="fl-8"/>
      </object_component>
      <object_component id="oc-26b">
         <name>.debug_line</name>
         <load_address>0x311d</load_address>
         <run_address>0x311d</run_address>
         <size>0x5b</size>
         <input_file_ref idref="fl-8"/>
      </object_component>
      <object_component id="oc-185">
         <name>.debug_line</name>
         <load_address>0x3178</load_address>
         <run_address>0x3178</run_address>
         <size>0x67</size>
         <input_file_ref idref="fl-f"/>
      </object_component>
      <object_component id="oc-192">
         <name>.debug_line</name>
         <load_address>0x31df</load_address>
         <run_address>0x31df</run_address>
         <size>0x5a</size>
         <input_file_ref idref="fl-f"/>
      </object_component>
      <object_component id="oc-18c">
         <name>.debug_line</name>
         <load_address>0x3239</load_address>
         <run_address>0x3239</run_address>
         <size>0x59</size>
         <input_file_ref idref="fl-f"/>
      </object_component>
      <object_component id="oc-271">
         <name>.debug_line</name>
         <load_address>0x3292</load_address>
         <run_address>0x3292</run_address>
         <size>0x21</size>
         <input_file_ref idref="fl-f"/>
      </object_component>
      <object_component id="oc-149">
         <name>.debug_line</name>
         <load_address>0x32b3</load_address>
         <run_address>0x32b3</run_address>
         <size>0x55</size>
         <input_file_ref idref="fl-10"/>
      </object_component>
      <object_component id="oc-267">
         <name>.debug_line</name>
         <load_address>0x3308</load_address>
         <run_address>0x3308</run_address>
         <size>0x65</size>
         <input_file_ref idref="fl-10"/>
      </object_component>
      <object_component id="oc-1dd">
         <name>.debug_line</name>
         <load_address>0x336d</load_address>
         <run_address>0x336d</run_address>
         <size>0x9d</size>
         <input_file_ref idref="fl-1a"/>
      </object_component>
      <object_component id="oc-2a0">
         <name>.debug_line</name>
         <load_address>0x340a</load_address>
         <run_address>0x340a</run_address>
         <size>0x5f</size>
         <input_file_ref idref="fl-1a"/>
      </object_component>
      <object_component id="oc-165">
         <name>.debug_line</name>
         <load_address>0x3469</load_address>
         <run_address>0x3469</run_address>
         <size>0x59</size>
         <input_file_ref idref="fl-1c"/>
      </object_component>
      <object_component id="oc-16a">
         <name>.debug_line</name>
         <load_address>0x34c2</load_address>
         <run_address>0x34c2</run_address>
         <size>0x5a</size>
         <input_file_ref idref="fl-1c"/>
      </object_component>
      <object_component id="oc-17f">
         <name>.debug_line</name>
         <load_address>0x351c</load_address>
         <run_address>0x351c</run_address>
         <size>0x7a</size>
         <input_file_ref idref="fl-1c"/>
      </object_component>
      <object_component id="oc-15e">
         <name>.debug_line</name>
         <load_address>0x3596</load_address>
         <run_address>0x3596</run_address>
         <size>0x5b</size>
         <input_file_ref idref="fl-1c"/>
      </object_component>
      <object_component id="oc-1ed">
         <name>.debug_line</name>
         <load_address>0x35f1</load_address>
         <run_address>0x35f1</run_address>
         <size>0x6c</size>
         <input_file_ref idref="fl-1c"/>
      </object_component>
      <object_component id="oc-26e">
         <name>.debug_line</name>
         <load_address>0x365d</load_address>
         <run_address>0x365d</run_address>
         <size>0x5d</size>
         <input_file_ref idref="fl-1c"/>
      </object_component>
      <object_component id="oc-77">
         <name>.debug_line</name>
         <load_address>0x36ba</load_address>
         <run_address>0x36ba</run_address>
         <size>0x57</size>
         <input_file_ref idref="fl-21"/>
      </object_component>
      <object_component id="oc-72">
         <name>.debug_line</name>
         <load_address>0x3711</load_address>
         <run_address>0x3711</run_address>
         <size>0x6f</size>
         <input_file_ref idref="fl-21"/>
      </object_component>
      <object_component id="oc-141">
         <name>.debug_line</name>
         <load_address>0x3780</load_address>
         <run_address>0x3780</run_address>
         <size>0xa8</size>
         <input_file_ref idref="fl-21"/>
      </object_component>
      <object_component id="oc-79">
         <name>.debug_line</name>
         <load_address>0x3828</load_address>
         <run_address>0x3828</run_address>
         <size>0x57</size>
         <input_file_ref idref="fl-21"/>
      </object_component>
      <object_component id="oc-ff">
         <name>.debug_line</name>
         <load_address>0x387f</load_address>
         <run_address>0x387f</run_address>
         <size>0xab</size>
         <input_file_ref idref="fl-21"/>
      </object_component>
      <object_component id="oc-7f">
         <name>.debug_line</name>
         <load_address>0x392a</load_address>
         <run_address>0x392a</run_address>
         <size>0x58</size>
         <input_file_ref idref="fl-21"/>
      </object_component>
      <object_component id="oc-1b8">
         <name>.debug_line</name>
         <load_address>0x3982</load_address>
         <run_address>0x3982</run_address>
         <size>0x21</size>
         <input_file_ref idref="fl-21"/>
      </object_component>
      <object_component id="oc-2c5">
         <name>.debug_line</name>
         <load_address>0x39a3</load_address>
         <run_address>0x39a3</run_address>
         <size>0xa7</size>
         <input_file_ref idref="fl-29"/>
      </object_component>
      <object_component id="oc-2a6">
         <name>.debug_line</name>
         <load_address>0x3a4a</load_address>
         <run_address>0x3a4a</run_address>
         <size>0x91</size>
         <input_file_ref idref="fl-29"/>
      </object_component>
      <object_component id="oc-2ad">
         <name>.debug_line</name>
         <load_address>0x3adb</load_address>
         <run_address>0x3adb</run_address>
         <size>0xb9</size>
         <input_file_ref idref="fl-29"/>
      </object_component>
      <object_component id="oc-254">
         <name>.debug_line</name>
         <load_address>0x3b94</load_address>
         <run_address>0x3b94</run_address>
         <size>0x6e</size>
         <input_file_ref idref="fl-29"/>
      </object_component>
      <object_component id="oc-25a">
         <name>.debug_line</name>
         <load_address>0x3c02</load_address>
         <run_address>0x3c02</run_address>
         <size>0x14e</size>
         <input_file_ref idref="fl-29"/>
      </object_component>
      <object_component id="oc-1e4">
         <name>.debug_line</name>
         <load_address>0x3d50</load_address>
         <run_address>0x3d50</run_address>
         <size>0x1c8</size>
         <input_file_ref idref="fl-29"/>
      </object_component>
      <object_component id="oc-2b1">
         <name>.debug_line</name>
         <load_address>0x3f18</load_address>
         <run_address>0x3f18</run_address>
         <size>0x41</size>
         <input_file_ref idref="fl-29"/>
      </object_component>
      <object_component id="oc-1a5">
         <name>.debug_line</name>
         <load_address>0x3f59</load_address>
         <run_address>0x3f59</run_address>
         <size>0x60</size>
         <input_file_ref idref="fl-2b"/>
      </object_component>
      <object_component id="oc-198">
         <name>.debug_line</name>
         <load_address>0x3fb9</load_address>
         <run_address>0x3fb9</run_address>
         <size>0x5b</size>
         <input_file_ref idref="fl-2b"/>
      </object_component>
      <object_component id="oc-1b4">
         <name>.debug_line</name>
         <load_address>0x4014</load_address>
         <run_address>0x4014</run_address>
         <size>0x66</size>
         <input_file_ref idref="fl-2b"/>
      </object_component>
      <object_component id="oc-19e">
         <name>.debug_line</name>
         <load_address>0x407a</load_address>
         <run_address>0x407a</run_address>
         <size>0x6c</size>
         <input_file_ref idref="fl-2b"/>
      </object_component>
      <object_component id="oc-274">
         <name>.debug_line</name>
         <load_address>0x40e6</load_address>
         <run_address>0x40e6</run_address>
         <size>0x5d</size>
         <input_file_ref idref="fl-2b"/>
      </object_component>
      <object_component id="oc-12e">
         <name>.debug_line</name>
         <load_address>0x4143</load_address>
         <run_address>0x4143</run_address>
         <size>0x50</size>
         <input_file_ref idref="fl-47"/>
      </object_component>
      <object_component id="oc-8c">
         <name>.debug_line</name>
         <load_address>0x4193</load_address>
         <run_address>0x4193</run_address>
         <size>0x63</size>
         <input_file_ref idref="fl-49"/>
      </object_component>
      <object_component id="oc-1bb">
         <name>.debug_line</name>
         <load_address>0x41f6</load_address>
         <run_address>0x41f6</run_address>
         <size>0x21</size>
         <input_file_ref idref="fl-49"/>
      </object_component>
      <object_component id="oc-1c7">
         <name>.debug_line</name>
         <load_address>0x4217</load_address>
         <run_address>0x4217</run_address>
         <size>0x3f</size>
         <input_file_ref idref="fl-4a"/>
      </object_component>
      <object_component id="oc-277">
         <name>.debug_line</name>
         <load_address>0x4256</load_address>
         <run_address>0x4256</run_address>
         <size>0x21</size>
         <input_file_ref idref="fl-4a"/>
      </object_component>
      <object_component id="oc-219">
         <name>.debug_line</name>
         <load_address>0x4277</load_address>
         <run_address>0x4277</run_address>
         <size>0x74</size>
         <input_file_ref idref="fl-4b"/>
      </object_component>
      <object_component id="oc-2b6">
         <name>.debug_line</name>
         <load_address>0x42eb</load_address>
         <run_address>0x42eb</run_address>
         <size>0x21</size>
         <input_file_ref idref="fl-4b"/>
      </object_component>
      <object_component id="oc-94">
         <name>.debug_line</name>
         <load_address>0x430c</load_address>
         <run_address>0x430c</run_address>
         <size>0x4d</size>
         <input_file_ref idref="fl-4c"/>
      </object_component>
      <object_component id="oc-1be">
         <name>.debug_line</name>
         <load_address>0x4359</load_address>
         <run_address>0x4359</run_address>
         <size>0x21</size>
         <input_file_ref idref="fl-4c"/>
      </object_component>
      <object_component id="oc-2b">
         <name>.debug_line</name>
         <load_address>0x437a</load_address>
         <run_address>0x437a</run_address>
         <size>0x57</size>
         <input_file_ref idref="fl-4d"/>
      </object_component>
      <object_component id="oc-11f">
         <name>.debug_line</name>
         <load_address>0x43d1</load_address>
         <run_address>0x43d1</run_address>
         <size>0x21</size>
         <input_file_ref idref="fl-4d"/>
      </object_component>
      <object_component id="oc-25">
         <name>.debug_line</name>
         <load_address>0x43f2</load_address>
         <run_address>0x43f2</run_address>
         <size>0x9a</size>
         <input_file_ref idref="fl-4e"/>
      </object_component>
      <object_component id="oc-11a">
         <name>.debug_line</name>
         <load_address>0x448c</load_address>
         <run_address>0x448c</run_address>
         <size>0x21</size>
         <input_file_ref idref="fl-4e"/>
      </object_component>
      <object_component id="oc-292">
         <name>.debug_line</name>
         <load_address>0x44ad</load_address>
         <run_address>0x44ad</run_address>
         <size>0x2b</size>
         <input_file_ref idref="fl-4f"/>
      </object_component>
      <object_component id="oc-1d4">
         <name>.debug_line</name>
         <load_address>0x44d8</load_address>
         <run_address>0x44d8</run_address>
         <size>0x66</size>
[...]
         <value>0x833b3</value>
         <object_component_ref idref="oc-10b"/>
      </symbol>
      <symbol id="sm-f4">
         <name>CLLC_vSecRefSlewed_pu</name>
         <value>0x8082</value>
         <object_component_ref idref="oc-104"/>
      </symbol>
      <symbol id="sm-f5">
         <name>CLLC_vPrimSensed_pu</name>
         <value>0x804e</value>
         <object_component_ref idref="oc-104"/>
      </symbol>
      <symbol id="sm-f6">
         <name>CLLC_iPrimTankSensedCalIntercept_pu</name>
         <value>0x8048</value>
         <object_component_ref idref="oc-104"/>
      </symbol>
      <symbol id="sm-f7">
         <name>CLLC_iPrimTankSensedAvg_pu</name>
         <value>0x809e</value>
         <object_component_ref idref="oc-104"/>
      </symbol>
      <symbol id="sm-f8">
         <name>CLLC_gv</name>
         <value>0x8100</value>
         <object_component_ref idref="oc-104"/>
      </symbol>
      <symbol id="sm-f9">
         <name>CLLC_gi</name>
         <value>0x80c0</value>
         <object_component_ref idref="oc-104"/>
      </symbol>
      <symbol id="sm-fa">
         <name>CLLC_clearTrip</name>
         <value>0x8022</value>
         <object_component_ref idref="oc-104"/>
      </symbol>
      <symbol id="sm-fb">
         <name>CLLC_pwmPeriod_ticks</name>
         <value>0x8036</value>
         <object_component_ref idref="oc-104"/>
      </symbol>
      <symbol id="sm-fc">
         <name>CLLC_pwmPeriod_pu</name>
         <value>0x802c</value>
         <object_component_ref idref="oc-104"/>
      </symbol>
      <symbol id="sm-fd">
         <name>CLLC_pwmPhaseShiftPrimSec_ticks</name>
         <value>0x8094</value>
         <object_component_ref idref="oc-104"/>
      </symbol>
      <symbol id="sm-fe">
         <name>CLLC_vPrimSensedOffset_pu</name>
         <value>0x8050</value>
         <object_component_ref idref="oc-104"/>
      </symbol>
      <symbol id="sm-ff">
         <name>CLLC_iSecSensed_pu</name>
         <value>0x806a</value>
         <object_component_ref idref="oc-104"/>
      </symbol>
      <symbol id="sm-100">
         <name>CLLC_pwmDutyBSec_ticks</name>
         <value>0x808a</value>
         <object_component_ref idref="oc-104"/>
      </symbol>
      <symbol id="sm-101">
         <name>CLLC_vPrimRef_pu</name>
         <value>0x8054</value>
         <object_component_ref idref="oc-104"/>
      </symbol>
      <symbol id="sm-102">
         <name>CLLC_closeGvLoop</name>
         <value>0x8020</value>
         <object_component_ref idref="oc-104"/>
      </symbol>
      <symbol id="sm-103">
         <name>CLLC_iPrimTankSensedOffset_pu</name>
         <value>0x8046</value>
         <object_component_ref idref="oc-104"/>
      </symbol>
      <symbol id="sm-104">
         <name>CLLC_pwmPhaseShiftPrimSec_ns</name>
         <value>0x8092</value>
         <object_component_ref idref="oc-104"/>
      </symbol>
      <symbol id="sm-105">
         <name>CLLC_PrechargeState</name>
         <value>0x8010</value>
         <object_component_ref idref="oc-104"/>
      </symbol>
      <symbol id="sm-106">
         <name>CLLC_iPrimSensed_Amps</name>
         <value>0x8038</value>
         <object_component_ref idref="oc-104"/>
      </symbol>
      <symbol id="sm-107">
         <name>CLLC_vSecSensedOffset_pu</name>
         <value>0x807c</value>
         <object_component_ref idref="oc-104"/>
      </symbol>
      <symbol id="sm-108">
         <name>CLLC_setBuildLevelIndicatorVariable</name>
         <value>0x837d8</value>
         <object_component_ref idref="oc-b6"/>
      </symbol>
      <symbol id="sm-109">
         <name>CLLC_pwmPeriodMax_pu</name>
         <value>0x8032</value>
         <object_component_ref idref="oc-104"/>
      </symbol>
      <symbol id="sm-10a">
         <name>CLLC_pwmDeadbandFEDSec_ticks</name>
         <value>0x8001</value>
         <object_component_ref idref="oc-104"/>
      </symbol>
      <symbol id="sm-10b">
         <name>CLLC_pwmDeadBandREDPrimRef_ns</name>
         <value>0x8060</value>
         <object_component_ref idref="oc-104"/>
      </symbol>
      <symbol id="sm-10c">
         <name>CLLC_iSecSensedCalXvariable_pu</name>
         <value>0x8070</value>
         <object_component_ref idref="oc-104"/>
      </symbol>
      <symbol id="sm-10d">
         <name>CLLC_pwmDeadBandREDSec_ticks</name>
         <value>0x8000</value>
         <object_component_ref idref="oc-104"/>
      </symbol>
      <symbol id="sm-10e">
         <name>CLLC_iPrimSensedCalXvariable_pu</name>
         <value>0x8040</value>
         <object_component_ref idref="oc-104"/>
      </symbol>
      <symbol id="sm-10f">
         <name>CLLC_cla_task_counter</name>
         <value>0x8096</value>
         <object_component_ref idref="oc-104"/>
      </symbol>
      <symbol id="sm-110">
         <name>CLLC_giOut</name>
         <value>0x8012</value>
         <object_component_ref idref="oc-104"/>
      </symbol>
      <symbol id="sm-111">
         <name>CLLC_pwmDutyASec_ticks</name>
         <value>0x8088</value>
         <object_component_ref idref="oc-104"/>
      </symbol>
      <symbol id="sm-112">
         <name>CLLC_iSecSensed_Amps</name>
         <value>0x8068</value>
         <object_component_ref idref="oc-104"/>
      </symbol>
      <symbol id="sm-113">
         <name>CLLC_iSecRefSlewed_pu</name>
         <value>0x8076</value>
         <object_component_ref idref="oc-104"/>
      </symbol>
      <symbol id="sm-114">
         <name>CLLC_pwmDeadBandFEDPrimRef_ns</name>
         <value>0x8064</value>
         <object_component_ref idref="oc-104"/>
      </symbol>
      <symbol id="sm-115">
         <name>CLLC_pwmSwState</name>
         <value>0x800a</value>
         <object_component_ref idref="oc-104"/>
      </symbol>
      <symbol id="sm-116">
         <name>CLLC_iSecSensedAvg_pu</name>
         <value>0x80a6</value>
         <object_component_ref idref="oc-104"/>
      </symbol>
      <symbol id="sm-117">
         <name>CLLC_iPrimSensed_pu</name>
         <value>0x803a</value>
         <object_component_ref idref="oc-104"/>
      </symbol>
      <symbol id="sm-118">
         <name>CLLC_initGlobalVariables</name>
         <value>0x8237d</value>
         <object_component_ref idref="oc-b0"/>
      </symbol>
      <symbol id="sm-119">
         <name>CLLC_iSecSensedCalIntercept_pu</name>
         <value>0x806e</value>
         <object_component_ref idref="oc-104"/>
      </symbol>
      <symbol id="sm-11a">
         <name>CLLC_gvOut</name>
         <value>0x8018</value>
         <object_component_ref idref="oc-104"/>
      </symbol>
      <symbol id="sm-11b">
         <name>CLLC_vPrimSensedAvg_pu</name>
         <value>0x80a2</value>
         <object_component_ref idref="oc-104"/>
      </symbol>
      <symbol id="sm-11c">
         <name>CLLC_closeGiLoop</name>
         <value>0x801e</value>
         <object_component_ref idref="oc-104"/>
      </symbol>
      <symbol id="sm-11d">
         <name>CLLC_giError</name>
         <value>0x8014</value>
         <object_component_ref idref="oc-104"/>
      </symbol>
      <symbol id="sm-11e">
         <name>CLLC_vPrimRefSlewed_pu</name>
         <value>0x8056</value>
         <object_component_ref idref="oc-104"/>
      </symbol>
      <symbol id="sm-11f">
         <name>CLLC_gvError</name>
         <value>0x801a</value>
         <object_component_ref idref="oc-104"/>
      </symbol>
      <symbol id="sm-120">
         <name>CLLC_vPrimRef_Volts</name>
         <value>0x8052</value>
         <object_component_ref idref="oc-104"/>
      </symbol>
      <symbol id="sm-121">
         <name>CLLC_runISR3</name>
         <value>0x82b9c</value>
         <object_component_ref idref="oc-a1"/>
      </symbol>
      <symbol id="sm-122">
         <name>CLLC_precharge_count</name>
         <value>0x8098</value>
         <object_component_ref idref="oc-104"/>
      </symbol>
      <symbol id="sm-123">
         <name>CLLC_powerFlowStateActive</name>
         <value>0x800c</value>
         <object_component_ref idref="oc-104"/>
      </symbol>
      <symbol id="sm-124">
         <name>CLLC_tripFlag</name>
         <value>0x8006</value>
         <object_component_ref idref="oc-104"/>
      </symbol>
      <symbol id="sm-125">
         <name>CLLC_pwmDeadBandFEDPrim_ticks</name>
         <value>0x8066</value>
         <object_component_ref idref="oc-104"/>
      </symbol>
      <symbol id="sm-126">
         <name>CLLC_pwmPeriodMax_ticks</name>
         <value>0x8034</value>
         <object_component_ref idref="oc-104"/>
      </symbol>
      <symbol id="sm-127">
         <name>CLLC_iSecRef_pu</name>
         <value>0x8074</value>
         <object_component_ref idref="oc-104"/>
      </symbol>
      <symbol id="sm-19d">
         <name>CLLC_HAL_setupDevice</name>
         <value>0x83110</value>
         <object_component_ref idref="oc-aa"/>
      </symbol>
      <symbol id="sm-19e">
         <name>CLLC_HAL_setupSynchronousRectificationActionDebug</name>
         <value>0x8337a</value>
         <object_component_ref idref="oc-e6"/>
      </symbol>
      <symbol id="sm-19f">
         <name>CLLC_HAL_setupHRPWMinUpDownCount2ChAsymmetricMode</name>
         <value>0x83095</value>
         <object_component_ref idref="oc-16d"/>
      </symbol>
      <symbol id="sm-1a0">
         <name>CLLC_HAL_enablePWMClkCounting</name>
         <value>0x837ba</value>
         <object_component_ref idref="oc-ec"/>
      </symbol>
      <symbol id="sm-1a1">
         <name>CLLC_HAL_setupHRPWMinUpDownCountModeWithDeadBand</name>
         <value>0x82f07</value>
         <object_component_ref idref="oc-173"/>
      </symbol>
      <symbol id="sm-1a2">
         <name>CLLC_HAL_setupADC</name>
         <value>0x82784</value>
         <object_component_ref idref="oc-c2"/>
      </symbol>
      <symbol id="sm-1a3">
         <name>CLLC_HAL_disablePWMClkCounting</name>
         <value>0x837a8</value>
         <object_component_ref idref="oc-bc"/>
      </symbol>
      <symbol id="sm-1a4">
         <name>CLLC_HAL_setupPWM</name>
         <value>0x82916</value>
         <object_component_ref idref="oc-d4"/>
      </symbol>
      <symbol id="sm-1a5">
         <name>CLLC_HAL_setupPWMinUpDownCountMode</name>
         <value>0x83421</value>
         <object_component_ref idref="oc-f2"/>
      </symbol>
      <symbol id="sm-1a6">
         <name>CLLC_HAL_setupPWMpins</name>
         <value>0x82fce</value>
         <object_component_ref idref="oc-da"/>
      </symbol>
      <symbol id="sm-1a7">
         <name>CLLC_HAL_setupECAPinPWMMode</name>
         <value>0x83569</value>
         <object_component_ref idref="oc-f8"/>
      </symbol>
      <symbol id="sm-1a8">
         <name>CLLC_HAL_setupSynchronousRectificationAction</name>
         <value>0x82000</value>
         <object_component_ref idref="oc-e0"/>
      </symbol>
      <symbol id="sm-1a9">
         <name>CLLC_HAL_setupTrigForADC</name>
         <value>0x832b9</value>
         <object_component_ref idref="oc-c8"/>
      </symbol>
      <symbol id="sm-1aa">
         <name>CLLC_HAL_setupProfilingGPIO</name>
         <value>0x835e4</value>
         <object_component_ref idref="oc-ce"/>
      </symbol>
      <symbol id="sm-1c5">
         <name>Device_enableAllPeripherals</name>
         <value>0x82e34</value>
         <object_component_ref idref="oc-1e5"/>
      </symbol>
      <symbol id="sm-1c6">
         <name>Device_initGPIO</name>
         <value>0x8375f</value>
         <object_component_ref idref="oc-13a"/>
      </symbol>
      <symbol id="sm-1c7">
         <name>Device_init</name>
         <value>0x831e3</value>
         <object_component_ref idref="oc-134"/>
      </symbol>
      <symbol id="sm-1d6">
         <name>code_start</name>
         <value>0x80000</value>
         <object_component_ref idref="oc-31"/>
      </symbol>
      <symbol id="sm-1f0">
         <name>ADC_setOffsetTrimAll</name>
         <value>0x836cc</value>
         <object_component_ref idref="oc-1fa"/>
      </symbol>
      <symbol id="sm-1f1">
         <name>ADC_setVREF</name>
         <value>0x836e6</value>
         <object_component_ref idref="oc-151"/>
      </symbol>
      <symbol id="sm-216">
         <name>CMPSS_configFilterHigh</name>
         <value>0x836ff</value>
         <object_component_ref idref="oc-187"/>
      </symbol>
      <symbol id="sm-217">
         <name>CMPSS_configFilterLow</name>
         <value>0x83718</value>
         <object_component_ref idref="oc-18d"/>
      </symbol>
      <symbol id="sm-218">
         <name>CMPSS_configLatchOnPWMSYNC</name>
         <value>0x8374a</value>
         <object_component_ref idref="oc-181"/>
      </symbol>
      <symbol id="sm-225">
         <name>CPUTimer_setEmulationMode</name>
         <value>0x837d2</value>
         <object_component_ref idref="oc-146"/>
      </symbol>
      <symbol id="sm-23b">
         <name>Flash_initModule</name>
         <value>0xc2c0</value>
         <object_component_ref idref="oc-1d9"/>
      </symbol>
      <symbol id="sm-271">
         <name>GPIO_setQualificationMode</name>
         <value>0x8362e</value>
         <object_component_ref idref="oc-160"/>
      </symbol>
      <symbol id="sm-272">
         <name>GPIO_setPadConfig</name>
         <value>0x8333b</value>
         <object_component_ref idref="oc-17a"/>
      </symbol>
      <symbol id="sm-273">
         <name>GPIO_setAnalogMode</name>
         <value>0x83274</value>
         <object_component_ref idref="oc-1eb"/>
      </symbol>
      <symbol id="sm-274">
         <name>GPIO_setDirectionMode</name>
         <value>0x83672</value>
         <object_component_ref idref="oc-15a"/>
      </symbol>
      <symbol id="sm-275">
         <name>GPIO_setPinConfig</name>
         <value>0x83486</value>
         <object_component_ref idref="oc-166"/>
      </symbol>
      <symbol id="sm-2b2">
         <name>Interrupt_defaultHandler</name>
         <value>0x8377c</value>
         <object_component_ref idref="oc-7e"/>
      </symbol>
      <symbol id="sm-2b3">
         <name>Interrupt_initModule</name>
         <value>0x832fa</value>
         <object_component_ref idref="oc-140"/>
      </symbol>
      <symbol id="sm-2b4">
         <name>Interrupt_nmiHandler</name>
         <value>0x8379e</value>
         <object_component_ref idref="oc-6c"/>
      </symbol>
      <symbol id="sm-2b5">
         <name>Interrupt_enable</name>
         <value>0x833eb</value>
         <object_component_ref idref="oc-fe"/>
      </symbol>
      <symbol id="sm-2b6">
         <name>Interrupt_initVectorTable</name>
         <value>0x83692</value>
         <object_component_ref idref="oc-71"/>
      </symbol>
      <symbol id="sm-2b7">
         <name>Interrupt_illegalOperationHandler</name>
         <value>0x83794</value>
         <object_component_ref idref="oc-78"/>
      </symbol>
      <symbol id="sm-31b">
         <name>SysCtl_isPLLValid</name>
         <value>0x82d5a</value>
         <object_component_ref idref="oc-259"/>
      </symbol>
      <symbol id="sm-31c">
         <name>SysCtl_delay</name>
         <value>0xc30b</value>
         <object_component_ref idref="oc-157"/>
      </symbol>
      <symbol id="sm-31d">
         <name>SysCtl_selectXTALSingleEnded</name>
         <value>0x83650</value>
         <object_component_ref idref="oc-2a2"/>
      </symbol>
      <symbol id="sm-31e">
         <name>SysCtl_selectXTAL</name>
         <value>0x8322c</value>
         <object_component_ref idref="oc-2a8"/>
      </symbol>
      <symbol id="sm-31f">
         <name>SysCtl_selectOscSource</name>
         <value>0x83455</value>
         <object_component_ref idref="oc-253"/>
      </symbol>
      <symbol id="sm-320">
         <name>SysCtl_setClock</name>
         <value>0x82a6e</value>
         <object_component_ref idref="oc-1df"/>
      </symbol>
      <symbol id="sm-34c">
         <name>XBAR_setEPWMMuxConfig</name>
         <value>0x83513</value>
         <object_component_ref idref="oc-193"/>
      </symbol>
      <symbol id="sm-34d">
         <name>XBAR_clearInputFlag</name>
         <value>0x835bc</value>
         <object_component_ref idref="oc-199"/>
      </symbol>
      <symbol id="sm-34e">
         <name>XBAR_getInputFlagStatus</name>
         <value>0x834b6</value>
         <object_component_ref idref="oc-1b0"/>
      </symbol>
      <symbol id="sm-34f">
         <name>XBAR_setOutputMuxConfig</name>
         <value>0x83609</value>
         <object_component_ref idref="oc-1a0"/>
      </symbol>
      <symbol id="sm-35e">
         <name>_c_int00</name>
         <value>0x83731</value>
         <object_component_ref idref="oc-12a"/>
      </symbol>
      <symbol id="sm-35f">
         <name>__stack</name>
         <value>0x400</value>
         <object_component_ref idref="oc-84"/>
      </symbol>
      <symbol id="sm-372">
         <name>memcpy</name>
         <value>0x836af</value>
         <object_component_ref idref="oc-87"/>
      </symbol>
      <symbol id="sm-37f">
         <name>_system_pre_init</name>
         <value>0x837dc</value>
         <object_component_ref idref="oc-1c2"/>
      </symbol>
      <symbol id="sm-38e">
         <name>__TI_auto_init_nobinit_nopinit</name>
         <value>0x8353e</value>
         <object_component_ref idref="oc-217"/>
      </symbol>
      <symbol id="sm-39d">
         <name>__TI_zero_init_nomemset</name>
         <value>0x8376f</value>
         <object_component_ref idref="oc-8f"/>
      </symbol>
      <symbol id="sm-3aa">
         <name>__TI_decompress_none</name>
         <value>0x837c2</value>
         <object_component_ref idref="oc-2a"/>
      </symbol>
      <symbol id="sm-3be">
         <name>__TI_decompress_lzss</name>
         <value>0x834e5</value>
         <object_component_ref idref="oc-24"/>
      </symbol>
      <symbol id="sm-3d4">
         <name>C$$EXIT</name>
         <value>0x83593</value>
         <object_component_ref idref="oc-1cf"/>
      </symbol>
      <symbol id="sm-3d5">
         <name>abort</name>
         <value>0x83593</value>
         <object_component_ref idref="oc-1cf"/>
      </symbol>
      <symbol id="sm-3d6">
         <name>exit</name>
         <value>0x83595</value>
         <object_component_ref idref="oc-1cf"/>
      </symbol>
      <symbol id="sm-3d7">
         <name>__TI_dtors_ptr</name>
         <value>0xe012</value>
         <object_component_ref idref="oc-249"/>
      </symbol>
      <symbol id="sm-3d8">
         <name>__TI_cleanup_ptr</name>
         <value>0xe010</value>
         <object_component_ref idref="oc-249"/>
      </symbol>
      <symbol id="sm-3d9">
         <name>__TI_enable_exit_profile_output</name>
         <value>0xe00e</value>
         <object_component_ref idref="oc-249"/>
      </symbol>
      <symbol id="sm-3f0">
         <name>_nop</name>
         <value>0x837b9</value>
         <object_component_ref idref="oc-293"/>
      </symbol>
      <symbol id="sm-3f1">
         <name>_lock</name>
         <value>0xe014</value>
         <object_component_ref idref="oc-24c"/>
      </symbol>
      <symbol id="sm-3f2">
         <name>_unlock</name>
         <value>0xe016</value>
         <object_component_ref idref="oc-2ba"/>
      </symbol>
      <symbol id="sm-3f3">
         <name>_register_lock</name>
         <value>0x837b5</value>
         <object_component_ref idref="oc-293"/>
      </symbol>
      <symbol id="sm-3f4">
         <name>_register_unlock</name>
         <value>0x837b1</value>
         <object_component_ref idref="oc-293"/>
      </symbol>
      <symbol id="sm-403">
         <name>_args_main</name>
         <value>0x83788</value>
         <object_component_ref idref="oc-1c9"/>
      </symbol>
      <symbol id="sm-412">
         <name>_system_post_cinit</name>
         <value>0x837de</value>
         <object_component_ref idref="oc-279"/>
      </symbol>
      <symbol id="sm-414">
         <name>__c_args__</name>
         <value>0x0</value>
      </symbol>
   </symbol_table>
   <title>Link successful</title>
</link_info>
